Copyright 1986-2022 Xilinx, Inc. All Rights Reserved. Copyright 2022-2025 Advanced Micro Devices, Inc. All Rights Reserved.
---------------------------------------------------------------------------------------------------------------------------------------------
| Tool Version : Vivado v.2025.2 (lin64) Build 6299465 Fri Nov 14 12:34:56 MST 2025
| Date         : Mon Mar 23 09:18:06 2026
| Host         : pranav-latitude running 64-bit Ubuntu 24.04.4 LTS
| Command      : report_control_sets -verbose -file top_level_control_sets_placed.rpt
| Design       : top_level
| Device       : xc7s25
---------------------------------------------------------------------------------------------------------------------------------------------

Control Set Information

Table of Contents
-----------------
1. Summary
2. Histogram
3. Flip-Flop Distribution
4. Detailed Control Set Information

1. Summary
----------

+----------------------------------------------------------+-------+
|                          Status                          | Count |
+----------------------------------------------------------+-------+
| Total control sets                                       |    36 |
|    Minimum number of control sets                        |    36 |
|    Addition due to synthesis replication                 |     0 |
|    Addition due to physical synthesis replication        |     0 |
| Unused register locations in slices containing registers |    80 |
+----------------------------------------------------------+-------+
* Control sets can be merged at opt_design using control_set_merge or merge_equivalent_drivers
** Run report_qor_suggestions for automated merging and remapping suggestions


2. Histogram
------------

+--------------------+-------+
|       Fanout       | Count |
+--------------------+-------+
| Total control sets |    36 |
| >= 0 to < 4        |     5 |
| >= 4 to < 6        |     3 |
| >= 6 to < 8        |     2 |
| >= 8 to < 10       |     5 |
| >= 10 to < 12      |     0 |
| >= 12 to < 14      |     1 |
| >= 14 to < 16      |     0 |
| >= 16              |    20 |
+--------------------+-------+
* Control sets can be remapped at either synth_design or opt_design


3. Flip-Flop Distribution
-------------------------

+--------------+-----------------------+------------------------+-----------------+--------------+
| Clock Enable | Synchronous Set/Reset | Asynchronous Set/Reset | Total Registers | Total Slices |
+--------------+-----------------------+------------------------+-----------------+--------------+
| No           | No                    | No                     |              12 |            7 |
| No           | No                    | Yes                    |               0 |            0 |
| No           | Yes                   | No                     |              40 |           14 |
| Yes          | No                    | No                     |             815 |          184 |
| Yes          | No                    | Yes                    |               0 |            0 |
| Yes          | Yes                   | No                     |             541 |          145 |
+--------------+-----------------------+------------------------+-----------------+--------------+


4. Detailed Control Set Information
-----------------------------------

+---------------------+--------------------------------------------------+-----------------------------------------+------------------+----------------+--------------+
|     Clock Signal    |                   Enable Signal                  |             Set/Reset Signal            | Slice Load Count | Bel Load Count | Bels / Slice |
+---------------------+--------------------------------------------------+-----------------------------------------+------------------+----------------+--------------+
|  i2s_mclk_OBUF_BUFG | radio_inst/spi_inst/state_reg[2]_rep__0          | rst_IBUF                                |                1 |              1 |         1.00 |
|  i2s_mclk_OBUF_BUFG | clean_ptt6_out                                   |                                         |                1 |              1 |         1.00 |
|  i2s_mclk_OBUF_BUFG | radio_inst/spi_inst/FSM_onehot_state_reg_n_0_[1] | rst_IBUF                                |                1 |              1 |         1.00 |
|  i2s_mclk_OBUF_BUFG | radio_inst/spi_inst/sck_i_1_n_0                  | rst_IBUF                                |                1 |              1 |         1.00 |
|  i2s_mclk_OBUF_BUFG | i2s_inst/bclk_fall                               | rst_IBUF                                |                1 |              1 |         1.00 |
|  i2s_mclk_OBUF_BUFG | radio_inst/spi_inst/state_reg[1]                 | rst_IBUF                                |                2 |              4 |         2.00 |
|  i2s_mclk_OBUF_BUFG | radio_inst/spi_inst/bit_cnt[0]                   | rst_IBUF                                |                1 |              4 |         4.00 |
|  i2s_mclk_OBUF_BUFG | radio_inst/spi_inst/FSM_onehot_state[3]_i_1_n_0  | rst_IBUF                                |                1 |              4 |         4.00 |
|  i2s_mclk_OBUF_BUFG | radio_inst/spi_inst/state_reg[3][0]              | rst_IBUF                                |                3 |              6 |         2.00 |
|  i2s_mclk_OBUF_BUFG | radio_inst/spi_inst/E[0]                         |                                         |                2 |              6 |         3.00 |
|  i2s_mclk_OBUF_BUFG | radio_inst/spi_inst/shift_reg_tx[7]_i_1_n_0      |                                         |                2 |              8 |         4.00 |
|  i2s_mclk_OBUF_BUFG | radio_inst/spi_inst/shift_reg_rx[7]_i_1_n_0      |                                         |                1 |              8 |         8.00 |
|  i2s_mclk_OBUF_BUFG | radio_inst/spi_inst/clk_cnt[0]                   | rst_IBUF                                |                4 |              8 |         2.00 |
|  i2s_mclk_OBUF_BUFG | radio_inst/spi_inst/state_reg[3]_0[0]            |                                         |                5 |              8 |         1.60 |
|  i2s_mclk_OBUF_BUFG | radio_inst/spi_inst/rx_data[7]_i_1_n_0           | rst_IBUF                                |                1 |              8 |         8.00 |
|  i2s_mclk_OBUF_BUFG |                                                  |                                         |                7 |             12 |         1.71 |
|  i2s_mclk_OBUF_BUFG | tx_audio_valid                                   | tx_crypto/stm_inst/lfsr_reg[15]_i_1_n_0 |                5 |             16 |         3.20 |
|  i2s_mclk_OBUF_BUFG | i2s_inst/adc_data_out[15]_i_1_n_0                | rst_IBUF                                |                5 |             16 |         3.20 |
|  i2s_mclk_OBUF_BUFG | tx_audio_valid                                   | rst_IBUF                                |                6 |             16 |         2.67 |
|  i2s_mclk_OBUF_BUFG | radio_inst/master_cnt_reg[8]                     | rx_shift_register[15]_i_1_n_0           |                2 |             16 |         8.00 |
|  i2s_mclk_OBUF_BUFG | i2s_inst/tx_shift_reg[31]_i_1_n_0                |                                         |                6 |             16 |         2.67 |
|  i2s_mclk_OBUF_BUFG | rx_audio_valid_reg0                              |                                         |                5 |             16 |         3.20 |
|  i2s_mclk_OBUF_BUFG | rx_crypto/valid_out_reg_0[0]                     | latched_audio[15]_i_1_n_0               |                3 |             16 |         5.33 |
|  i2s_mclk_OBUF_BUFG | rx_audio_valid_reg                               | rx_crypto/stm_inst/lfsr_reg[15]_i_1_n_0 |                4 |             16 |         4.00 |
|  i2s_mclk_OBUF_BUFG | rx_audio_valid_reg                               | rst_IBUF                                |                5 |             16 |         3.20 |
|  i2s_mclk_OBUF_BUFG | radio_inst/rx_timeout_reg_19_sn_1                | radio_inst/rx_packet_valid              |                5 |             20 |         4.00 |
|  i2s_mclk_OBUF_BUFG |                                                  | ptt_timer[0]_i_1_n_0                    |                5 |             20 |         4.00 |
|  i2s_mclk_OBUF_BUFG |                                                  | rst_IBUF                                |                9 |             20 |         2.22 |
|  i2s_mclk_OBUF_BUFG | radio_inst/spi_inst/state_reg[0][0]              | rst_IBUF                                |               11 |             24 |         2.18 |
|  i2s_mclk_OBUF_BUFG | rx_crypto/stm_inst/x_reg[27]_i_1_n_0             | rst_IBUF                                |               11 |             28 |         2.55 |
|  i2s_mclk_OBUF_BUFG | tx_crypto/stm_inst/x_reg[27]_i_1_n_0             | rst_IBUF                                |                8 |             28 |         3.50 |
|  i2s_mclk_OBUF_BUFG | i2s_inst/bclk_rise                               | rst_IBUF                                |                9 |             31 |         3.44 |
|  i2s_mclk_OBUF_BUFG | radio_inst/master_cnt_reg[8]                     |                                         |               72 |            240 |         3.33 |
|  i2s_mclk_OBUF_BUFG | radio_inst/spi_inst/state_reg[3]_2[0]            |                                         |               50 |            256 |         5.12 |
|  i2s_mclk_OBUF_BUFG | radio_inst/spi_inst/state_reg[3]_1[0]            |                                         |               40 |            256 |         6.40 |
|  i2s_mclk_OBUF_BUFG | tx_crypto/valid_out                              | tx_payload_buffer[0]                    |               55 |            260 |         4.73 |
+---------------------+--------------------------------------------------+-----------------------------------------+------------------+----------------+--------------+


