Copyright 1986-2022 Xilinx, Inc. All Rights Reserved. Copyright 2022-2025 Advanced Micro Devices, Inc. All Rights Reserved.
---------------------------------------------------------------------------------------------------------------------------------------------
| Tool Version : Vivado v.2025.2 (lin64) Build 6299465 Fri Nov 14 12:34:56 MST 2025
| Date         : Mon Mar 23 09:18:29 2026
| Host         : pranav-latitude running 64-bit Ubuntu 24.04.4 LTS
| Command      : report_drc -file top_level_drc_routed.rpt -pb top_level_drc_routed.pb -rpx top_level_drc_routed.rpx
| Design       : top_level
| Device       : xc7s25csga225-1
| Speed File   : -1
| Design State : Fully Routed
---------------------------------------------------------------------------------------------------------------------------------------------

Report DRC

Table of Contents
-----------------
1. REPORT SUMMARY
2. REPORT DETAILS

1. REPORT SUMMARY
-----------------
            Netlist: netlist
          Floorplan: design_1
      Design limits: <entire design considered>
           Ruledeck: default
             Max checks: <unlimited>
             Checks found: 16
+--------+----------+------------------+--------+
| Rule   | Severity | Description      | Checks |
+--------+----------+------------------+--------+
| DPIP-1 | Warning  | Input pipelining | 16     |
+--------+----------+------------------+--------+

2. REPORT DETAILS
-----------------
DPIP-1#1 Warning
Input pipelining  
DSP rx_crypto/stm_inst/x_next_raw0 input rx_crypto/stm_inst/x_next_raw0/B[17:0] is not pipelined. Pipelining DSP48 input will improve performance.
Related violations: <none>

DPIP-1#2 Warning
Input pipelining  
DSP rx_crypto/stm_inst/x_next_raw0__0 input rx_crypto/stm_inst/x_next_raw0__0/A[29:0] is not pipelined. Pipelining DSP48 input will improve performance.
Related violations: <none>

DPIP-1#3 Warning
Input pipelining  
DSP rx_crypto/stm_inst/x_next_raw0__1 input rx_crypto/stm_inst/x_next_raw0__1/A[29:0] is not pipelined. Pipelining DSP48 input will improve performance.
Related violations: <none>

DPIP-1#4 Warning
Input pipelining  
DSP rx_crypto/stm_inst/x_next_raw0__2 input rx_crypto/stm_inst/x_next_raw0__2/A[29:0] is not pipelined. Pipelining DSP48 input will improve performance.
Related violations: <none>

DPIP-1#5 Warning
Input pipelining  
DSP rx_crypto/stm_inst/x_next_raw0__3 input rx_crypto/stm_inst/x_next_raw0__3/A[29:0] is not pipelined. Pipelining DSP48 input will improve performance.
Related violations: <none>

DPIP-1#6 Warning
Input pipelining  
DSP rx_crypto/stm_inst/x_next_raw0__4 input rx_crypto/stm_inst/x_next_raw0__4/A[29:0] is not pipelined. Pipelining DSP48 input will improve performance.
Related violations: <none>

DPIP-1#7 Warning
Input pipelining  
DSP rx_crypto/stm_inst/x_next_raw0__5 input rx_crypto/stm_inst/x_next_raw0__5/A[29:0] is not pipelined. Pipelining DSP48 input will improve performance.
Related violations: <none>

DPIP-1#8 Warning
Input pipelining  
DSP rx_crypto/stm_inst/x_next_raw0__6 input rx_crypto/stm_inst/x_next_raw0__6/A[29:0] is not pipelined. Pipelining DSP48 input will improve performance.
Related violations: <none>

DPIP-1#9 Warning
Input pipelining  
DSP tx_crypto/stm_inst/x_next_raw0 input tx_crypto/stm_inst/x_next_raw0/B[17:0] is not pipelined. Pipelining DSP48 input will improve performance.
Related violations: <none>

DPIP-1#10 Warning
Input pipelining  
DSP tx_crypto/stm_inst/x_next_raw0__0 input tx_crypto/stm_inst/x_next_raw0__0/A[29:0] is not pipelined. Pipelining DSP48 input will improve performance.
Related violations: <none>

DPIP-1#11 Warning
Input pipelining  
DSP tx_crypto/stm_inst/x_next_raw0__1 input tx_crypto/stm_inst/x_next_raw0__1/A[29:0] is not pipelined. Pipelining DSP48 input will improve performance.
Related violations: <none>

DPIP-1#12 Warning
Input pipelining  
DSP tx_crypto/stm_inst/x_next_raw0__2 input tx_crypto/stm_inst/x_next_raw0__2/A[29:0] is not pipelined. Pipelining DSP48 input will improve performance.
Related violations: <none>

DPIP-1#13 Warning
Input pipelining  
DSP tx_crypto/stm_inst/x_next_raw0__3 input tx_crypto/stm_inst/x_next_raw0__3/A[29:0] is not pipelined. Pipelining DSP48 input will improve performance.
Related violations: <none>

DPIP-1#14 Warning
Input pipelining  
DSP tx_crypto/stm_inst/x_next_raw0__4 input tx_crypto/stm_inst/x_next_raw0__4/A[29:0] is not pipelined. Pipelining DSP48 input will improve performance.
Related violations: <none>

DPIP-1#15 Warning
Input pipelining  
DSP tx_crypto/stm_inst/x_next_raw0__5 input tx_crypto/stm_inst/x_next_raw0__5/A[29:0] is not pipelined. Pipelining DSP48 input will improve performance.
Related violations: <none>

DPIP-1#16 Warning
Input pipelining  
DSP tx_crypto/stm_inst/x_next_raw0__6 input tx_crypto/stm_inst/x_next_raw0__6/A[29:0] is not pipelined. Pipelining DSP48 input will improve performance.
Related violations: <none>


